0000 0000	0	0	0000 0000 0000 0001 1111 1111 1110 0011
0000 0001	0	0	0000 0000 0000 0000 0000 0000 0000 0000
0000 0010	0	0	0000 0001 1111 1111 1111 1111 1111 1111
0000 0011	0	0	0111 1111 1111 1111 1111 0011 1010 1001
0000 0100	0	0	0000 0000 0000 0000 0000 0111 1111 1110
0000 0101	0	0	0000 0000 0000 0000 0000 0000 0000 0000
0000 0110	0	0	0011 1111 1111 1111 1111 1111 1111 1111
