0000 0000	1	0	1111 1111 1111 1111 1111 1111 1111 1100
0000 0001	0	0	0000 0000 0000 0000 0000 0000 0000 0111
0000 0010	0	0	0000 0000 0000 0000 0000 0000 0000 0010
0000 0011	1	0	1111 1111 1111 1111 1111 1111 1001 1100
0000 0100	0	0	1111 1111 1111 1111 1111 1111 1111 1110


