0000 0000	0	0	1111 1111 0010 1011 0100 0100 0100 0000
0000 0001	0	0	0000 0000 0000 0000 0000 0001 0011 1100
0000 0010	0	0	0000 0000 0000 0000 0000 0000 0010 1110
0000 0011	0	0	1111 1111 1111 1011 1000 1010 0100 0000
0000 0100	0	0	0011 0010 0100 0000 0000 0000 0000 0000
0000 0101	0	0	1000 0000 0000 0000 0000 0000 0000 0000
