0000 0000	0	0	1111 1111 1111 0001 1010 0001 0010 0010
0000 0001	0	0	0000 0000 0000 0000 0000 0000 0001 1000
0000 0010	0	0	1111 1111 1111 1111 1111 1111 1110 0100
0000 0011	0	0	1111 1111 1111 1111 1110 0111 0101 0011
0000 0100	0	0	1111 1111 1100 1110 0101 1001 0001 0010
0000 0101	0	1	0111 1111 1111 1111 1111 1111 1111 1111
0000 0110	0	0	0000 0000 0000 0000 0000 0000 0000 0000