0000 0000	0	0	1100 0000 0000 0000 0000 0000 0000 0001
0000 0001	0	0	1000 0000 0000 0000 0000 0000 0000 0000
0000 0010	0	0	0000 0000 0000 0000 0000 0000 0000 0011
0000 0011	0	0	0000 0000 0000 0000 0000 0000 0011 1100
0000 0100	0	0	1100 0000 0000 0000 0000 0000 0000 0001
0000 0101	0	0	1000 0000 0000 0000 0000 0000 0000 0000
0000 0110	0	0	0000 0000 0000 0000 0000 0000 0000 0011
0000 0111	0	0	0000 0000 0000 0000 0000 0000 0011 1100







